// Jest Snapshot v1, https://goo.gl/fbAQLP

exports[`<Main /> should render the heading 1`] = `
.c0 {
  background-color: #ffffff;
  color: #000000;
  width: 100%;
  height: 100%;
  text-align: center;
  display: -webkit-box;
  display: -webkit-flex;
  display: -ms-flexbox;
  display: flex;
  -webkit-flex-direction: column;
  -ms-flex-direction: column;
  flex-direction: column;
  -webkit-align-items: center;
  -webkit-box-align: center;
  -ms-flex-align: center;
  align-items: center;
  -webkit-box-pack: center;
  -webkit-justify-content: center;
  -ms-flex-pack: center;
  justify-content: center;
  padding: 3rem;
}

.c1 {
  width: auto;
  height: 45px;
  margin-bottom: 2rem;
}

.c2 {
  height: 24px;
  width: auto;
  margin-top: 3rem;
}

<main
  class="c0"
>
  <img
    alt="Next Js Logo, contains the word next"
    class="c1"
    src="./img/next.svg"
  />
  <h1
    class=""
  >
    A Title
  </h1>
  <h2
    class=""
  >
    A description
  </h2>
  <img
    alt="Vercel Logo, basically a black triangle"
    class="c2"
    src="./img/vercel.svg"
  />
</main>
`;
